{"op_code":0,"worker_id":"9580beb0-923b-4dbb-96c1-2eb22eff3100-22534609434432","study_name":"mace_cv_search","directions":[1]}
{"op_code":4,"worker_id":"9580beb0-923b-4dbb-96c1-2eb22eff3100-22534609434432","study_id":0,"datetime_start":"2026-08-03T15:42:22.847713"}
{"op_code":5,"worker_id":"9580beb0-923b-4dbb-96c1-2eb22eff3100-22534609434432","trial_id":0,"param_name":"lr","param_value_internal":0.00015250365601434974,"distribution":"{\"name\": \"FloatDistribution\", \"attributes\": {\"step\": null, \"low\": 1e-05, \"high\": 0.0005, \"log\": true}}"}
{"op_code":5,"worker_id":"9580beb0-923b-4dbb-96c1-2eb22eff3100-22534609434432","trial_id":0,"param_name":"weight_decay","param_value_internal":5.9194517112258385e-09,"distribution":"{\"name\": \"FloatDistribution\", \"attributes\": {\"step\": null, \"low\": 1e-09, \"high\": 5e-07, \"log\": true}}"}
{"op_code":5,"worker_id":"9580beb0-923b-4dbb-96c1-2eb22eff3100-22534609434432","trial_id":0,"param_name":"swa_lr","param_value_internal":2.842515929299162e-06,"distribution":"{\"name\": \"FloatDistribution\", \"attributes\": {\"step\": null, \"low\": 1e-06, \"high\": 0.0001, \"log\": true}}"}
{"op_code":5,"worker_id":"9580beb0-923b-4dbb-96c1-2eb22eff3100-22534609434432","trial_id":0,"param_name":"swa_energy_weight","param_value_internal":5.737490306287467,"distribution":"{\"name\": \"FloatDistribution\", \"attributes\": {\"step\": null, \"low\": 0.5, \"high\": 10.0, \"log\": false}}"}
{"op_code":5,"worker_id":"9580beb0-923b-4dbb-96c1-2eb22eff3100-22534609434432","trial_id":0,"param_name":"swa_forces_weight","param_value_internal":121.94689697855631,"distribution":"{\"name\": \"FloatDistribution\", \"attributes\": {\"step\": null, \"low\": 50.0, \"high\": 150.0, \"log\": false}}"}
{"op_code":8,"worker_id":"9580beb0-923b-4dbb-96c1-2eb22eff3100-22534609434432","trial_id":0,"user_attr":{"fold_rmse_f":[20.43,21.7,19.26,21.46]}}
{"op_code":8,"worker_id":"9580beb0-923b-4dbb-96c1-2eb22eff3100-22534609434432","trial_id":0,"user_attr":{"fold_rmse_e":[22.24,24.23,25.27,63.26]}}
{"op_code":8,"worker_id":"9580beb0-923b-4dbb-96c1-2eb22eff3100-22534609434432","trial_id":0,"user_attr":{"fold_std":12.985574761859153}}
{"op_code":6,"worker_id":"9580beb0-923b-4dbb-96c1-2eb22eff3100-22534609434432","trial_id":0,"state":1,"values":[29.186875],"datetime_complete":"2026-08-03T17:39:27.606806"}
{"op_code":4,"worker_id":"9580beb0-923b-4dbb-96c1-2eb22eff3100-22534609434432","study_id":0,"datetime_start":"2026-08-03T17:39:27.657011"}
{"op_code":5,"worker_id":"9580beb0-923b-4dbb-96c1-2eb22eff3100-22534609434432","trial_id":1,"param_name":"lr","param_value_internal":5.2341381880299476e-05,"distribution":"{\"name\": \"FloatDistribution\", \"attributes\": {\"step\": null, \"low\": 1e-05, \"high\": 0.0005, \"log\": true}}"}
{"op_code":5,"worker_id":"9580beb0-923b-4dbb-96c1-2eb22eff3100-22534609434432","trial_id":1,"param_name":"weight_decay","param_value_internal":4.436629399695336e-07,"distribution":"{\"name\": \"FloatDistribution\", \"attributes\": {\"step\": null, \"low\": 1e-09, \"high\": 5e-07, \"log\": true}}"}
{"op_code":5,"worker_id":"9580beb0-923b-4dbb-96c1-2eb22eff3100-22534609434432","trial_id":1,"param_name":"swa_lr","param_value_internal":2.342391466254444e-05,"distribution":"{\"name\": \"FloatDistribution\", \"attributes\": {\"step\": null, \"low\": 1e-06, \"high\": 0.0001, \"log\": true}}"}
{"op_code":5,"worker_id":"9580beb0-923b-4dbb-96c1-2eb22eff3100-22534609434432","trial_id":1,"param_name":"swa_energy_weight","param_value_internal":5.068853064101429,"distribution":"{\"name\": \"FloatDistribution\", \"attributes\": {\"step\": null, \"low\": 0.5, \"high\": 10.0, \"log\": false}}"}
{"op_code":5,"worker_id":"9580beb0-923b-4dbb-96c1-2eb22eff3100-22534609434432","trial_id":1,"param_name":"swa_forces_weight","param_value_internal":89.21175181941506,"distribution":"{\"name\": \"FloatDistribution\", \"attributes\": {\"step\": null, \"low\": 50.0, \"high\": 150.0, \"log\": false}}"}
{"op_code":8,"worker_id":"9580beb0-923b-4dbb-96c1-2eb22eff3100-22534609434432","trial_id":1,"user_attr":{"fold_rmse_f":[19.92,21.37,19.0,21.17]}}
{"op_code":8,"worker_id":"9580beb0-923b-4dbb-96c1-2eb22eff3100-22534609434432","trial_id":1,"user_attr":{"fold_rmse_e":[21.86,23.95,24.5,65.11]}}
{"op_code":8,"worker_id":"9580beb0-923b-4dbb-96c1-2eb22eff3100-22534609434432","trial_id":1,"user_attr":{"fold_std":13.75449825814571}}
{"op_code":6,"worker_id":"9580beb0-923b-4dbb-96c1-2eb22eff3100-22534609434432","trial_id":1,"state":1,"values":[29.133499999999998],"datetime_complete":"2026-08-03T19:35:00.757072"}
{"op_code":4,"worker_id":"9580beb0-923b-4dbb-96c1-2eb22eff3100-22534609434432","study_id":0,"datetime_start":"2026-08-03T19:35:00.759698"}
{"op_code":5,"worker_id":"9580beb0-923b-4dbb-96c1-2eb22eff3100-22534609434432","trial_id":2,"param_name":"lr","param_value_internal":3.8286807575849135e-05,"distribution":"{\"name\": \"FloatDistribution\", \"attributes\": {\"step\": null, \"low\": 1e-05, \"high\": 0.0005, \"log\": true}}"}
{"op_code":5,"worker_id":"9580beb0-923b-4dbb-96c1-2eb22eff3100-22534609434432","trial_id":2,"param_name":"weight_decay","param_value_internal":9.282891874560461e-08,"distribution":"{\"name\": \"FloatDistribution\", \"attributes\": {\"step\": null, \"low\": 1e-09, \"high\": 5e-07, \"log\": true}}"}
{"op_code":5,"worker_id":"9580beb0-923b-4dbb-96c1-2eb22eff3100-22534609434432","trial_id":2,"param_name":"swa_lr","param_value_internal":7.5360624610867495e-06,"distribution":"{\"name\": \"FloatDistribution\", \"attributes\": {\"step\": null, \"low\": 1e-06, \"high\": 0.0001, \"log\": true}}"}
{"op_code":5,"worker_id":"9580beb0-923b-4dbb-96c1-2eb22eff3100-22534609434432","trial_id":2,"param_name":"swa_energy_weight","param_value_internal":1.0669400177908992,"distribution":"{\"name\": \"FloatDistribution\", \"attributes\": {\"step\": null, \"low\": 0.5, \"high\": 10.0, \"log\": false}}"}
{"op_code":5,"worker_id":"9580beb0-923b-4dbb-96c1-2eb22eff3100-22534609434432","trial_id":2,"param_name":"swa_forces_weight","param_value_internal":89.80442553304314,"distribution":"{\"name\": \"FloatDistribution\", \"attributes\": {\"step\": null, \"low\": 50.0, \"high\": 150.0, \"log\": false}}"}
{"op_code":8,"worker_id":"9580beb0-923b-4dbb-96c1-2eb22eff3100-22534609434432","trial_id":2,"user_attr":{"fold_rmse_f":[20.1,21.64,19.18,21.52]}}
{"op_code":8,"worker_id":"9580beb0-923b-4dbb-96c1-2eb22eff3100-22534609434432","trial_id":2,"user_attr":{"fold_rmse_e":[23.15,24.7,26.33,63.36]}}
{"op_code":8,"worker_id":"9580beb0-923b-4dbb-96c1-2eb22eff3100-22534609434432","trial_id":2,"user_attr":{"fold_std":12.79197148279602}}
{"op_code":6,"worker_id":"9580beb0-923b-4dbb-96c1-2eb22eff3100-22534609434432","trial_id":2,"state":1,"values":[29.56375],"datetime_complete":"2026-08-03T21:30:03.653958"}
{"op_code":4,"worker_id":"9580beb0-923b-4dbb-96c1-2eb22eff3100-22534609434432","study_id":0,"datetime_start":"2026-08-03T21:30:03.656594"}
{"op_code":5,"worker_id":"9580beb0-923b-4dbb-96c1-2eb22eff3100-22534609434432","trial_id":3,"param_name":"lr","param_value_internal":0.0001794039734837106,"distribution":"{\"name\": \"FloatDistribution\", \"attributes\": {\"step\": null, \"low\": 1e-05, \"high\": 0.0005, \"log\": true}}"}
{"op_code":5,"worker_id":"9580beb0-923b-4dbb-96c1-2eb22eff3100-22534609434432","trial_id":3,"param_name":"weight_decay","param_value_internal":3.1084200853596827e-09,"distribution":"{\"name\": \"FloatDistribution\", \"attributes\": {\"step\": null, \"low\": 1e-09, \"high\": 5e-07, \"log\": true}}"}
{"op_code":5,"worker_id":"9580beb0-923b-4dbb-96c1-2eb22eff3100-22534609434432","trial_id":3,"param_name":"swa_lr","param_value_internal":2.243383453327476e-06,"distribution":"{\"name\": \"FloatDistribution\", \"attributes\": {\"step\": null, \"low\": 1e-06, \"high\": 0.0001, \"log\": true}}"}
{"op_code":5,"worker_id":"9580beb0-923b-4dbb-96c1-2eb22eff3100-22534609434432","trial_id":3,"param_name":"swa_energy_weight","param_value_internal":5.549738051497465,"distribution":"{\"name\": \"FloatDistribution\", \"attributes\": {\"step\": null, \"low\": 0.5, \"high\": 10.0, \"log\": false}}"}
{"op_code":5,"worker_id":"9580beb0-923b-4dbb-96c1-2eb22eff3100-22534609434432","trial_id":3,"param_name":"swa_forces_weight","param_value_internal":103.18275870968661,"distribution":"{\"name\": \"FloatDistribution\", \"attributes\": {\"step\": null, \"low\": 50.0, \"high\": 150.0, \"log\": false}}"}
{"op_code":8,"worker_id":"9580beb0-923b-4dbb-96c1-2eb22eff3100-22534609434432","trial_id":3,"user_attr":{"fold_rmse_f":[20.37,21.74,19.21,21.54]}}
{"op_code":8,"worker_id":"9580beb0-923b-4dbb-96c1-2eb22eff3100-22534609434432","trial_id":3,"user_attr":{"fold_rmse_e":[22.83,23.66,25.32,63.81]}}
{"op_code":8,"worker_id":"9580beb0-923b-4dbb-96c1-2eb22eff3100-22534609434432","trial_id":3,"user_attr":{"fold_std":13.162083909219442}}
{"op_code":6,"worker_id":"9580beb0-923b-4dbb-96c1-2eb22eff3100-22534609434432","trial_id":3,"state":1,"values":[29.2885],"datetime_complete":"2026-08-03T23:26:07.592186"}
{"op_code":4,"worker_id":"9580beb0-923b-4dbb-96c1-2eb22eff3100-22534609434432","study_id":0,"datetime_start":"2026-08-03T23:26:07.594953"}
{"op_code":5,"worker_id":"9580beb0-923b-4dbb-96c1-2eb22eff3100-22534609434432","trial_id":4,"param_name":"lr","param_value_internal":0.00011962672114570295,"distribution":"{\"name\": \"FloatDistribution\", \"attributes\": {\"step\": null, \"low\": 1e-05, \"high\": 0.0005, \"log\": true}}"}
{"op_code":5,"worker_id":"9580beb0-923b-4dbb-96c1-2eb22eff3100-22534609434432","trial_id":4,"param_name":"weight_decay","param_value_internal":1.9615118354865442e-07,"distribution":"{\"name\": \"FloatDistribution\", \"attributes\": {\"step\": null, \"low\": 1e-09, \"high\": 5e-07, \"log\": true}}"}
{"op_code":5,"worker_id":"9580beb0-923b-4dbb-96c1-2eb22eff3100-22534609434432","trial_id":4,"param_name":"swa_lr","param_value_internal":2.8113223789330844e-05,"distribution":"{\"name\": \"FloatDistribution\", \"attributes\": {\"step\": null, \"low\": 1e-06, \"high\": 0.0001, \"log\": true}}"}
{"op_code":5,"worker_id":"9580beb0-923b-4dbb-96c1-2eb22eff3100-22534609434432","trial_id":4,"param_name":"swa_energy_weight","param_value_internal":6.304723351437037,"distribution":"{\"name\": \"FloatDistribution\", \"attributes\": {\"step\": null, \"low\": 0.5, \"high\": 10.0, \"log\": false}}"}
{"op_code":5,"worker_id":"9580beb0-923b-4dbb-96c1-2eb22eff3100-22534609434432","trial_id":4,"param_name":"swa_forces_weight","param_value_internal":122.24433825702215,"distribution":"{\"name\": \"FloatDistribution\", \"attributes\": {\"step\": null, \"low\": 50.0, \"high\": 150.0, \"log\": false}}"}
{"op_code":8,"worker_id":"9580beb0-923b-4dbb-96c1-2eb22eff3100-22534609434432","trial_id":4,"user_attr":{"fold_rmse_f":[19.84,21.2,18.86,21.0]}}
{"op_code":8,"worker_id":"9580beb0-923b-4dbb-96c1-2eb22eff3100-22534609434432","trial_id":4,"user_attr":{"fold_rmse_e":[21.56,23.98,23.75,65.99]}}
{"op_code":8,"worker_id":"9580beb0-923b-4dbb-96c1-2eb22eff3100-22534609434432","trial_id":4,"user_attr":{"fold_std":14.145945652965963}}
{"op_code":6,"worker_id":"9580beb0-923b-4dbb-96c1-2eb22eff3100-22534609434432","trial_id":4,"state":1,"values":[29.06175],"datetime_complete":"2026-08-04T01:22:10.750389"}
{"op_code":4,"worker_id":"9580beb0-923b-4dbb-96c1-2eb22eff3100-22534609434432","study_id":0,"datetime_start":"2026-08-04T01:22:10.762031"}
{"op_code":5,"worker_id":"9580beb0-923b-4dbb-96c1-2eb22eff3100-22534609434432","trial_id":5,"param_name":"lr","param_value_internal":3.537508623842502e-05,"distribution":"{\"name\": \"FloatDistribution\", \"attributes\": {\"step\": null, \"low\": 1e-05, \"high\": 0.0005, \"log\": true}}"}
{"op_code":5,"worker_id":"9580beb0-923b-4dbb-96c1-2eb22eff3100-22534609434432","trial_id":5,"param_name":"weight_decay","param_value_internal":9.472328030569402e-09,"distribution":"{\"name\": \"FloatDistribution\", \"attributes\": {\"step\": null, \"low\": 1e-09, \"high\": 5e-07, \"log\": true}}"}
{"op_code":5,"worker_id":"9580beb0-923b-4dbb-96c1-2eb22eff3100-22534609434432","trial_id":5,"param_name":"swa_lr","param_value_internal":2.8610566807854884e-06,"distribution":"{\"name\": \"FloatDistribution\", \"attributes\": {\"step\": null, \"low\": 1e-06, \"high\": 0.0001, \"log\": true}}"}
{"op_code":5,"worker_id":"9580beb0-923b-4dbb-96c1-2eb22eff3100-22534609434432","trial_id":5,"param_name":"swa_energy_weight","param_value_internal":3.290283440693879,"distribution":"{\"name\": \"FloatDistribution\", \"attributes\": {\"step\": null, \"low\": 0.5, \"high\": 10.0, \"log\": false}}"}
{"op_code":5,"worker_id":"9580beb0-923b-4dbb-96c1-2eb22eff3100-22534609434432","trial_id":5,"param_name":"swa_forces_weight","param_value_internal":113.09761238544877,"distribution":"{\"name\": \"FloatDistribution\", \"attributes\": {\"step\": null, \"low\": 50.0, \"high\": 150.0, \"log\": false}}"}
{"op_code":8,"worker_id":"9580beb0-923b-4dbb-96c1-2eb22eff3100-22534609434432","trial_id":5,"user_attr":{"fold_rmse_f":[20.37,21.75,19.16,21.47]}}
{"op_code":8,"worker_id":"9580beb0-923b-4dbb-96c1-2eb22eff3100-22534609434432","trial_id":5,"user_attr":{"fold_rmse_e":[23.22,23.79,25.84,63.19]}}
{"op_code":8,"worker_id":"9580beb0-923b-4dbb-96c1-2eb22eff3100-22534609434432","trial_id":5,"user_attr":{"fold_std":12.83827671700918}}
{"op_code":6,"worker_id":"9580beb0-923b-4dbb-96c1-2eb22eff3100-22534609434432","trial_id":5,"state":1,"values":[29.347125],"datetime_complete":"2026-08-04T03:17:43.839241"}
{"op_code":4,"worker_id":"9580beb0-923b-4dbb-96c1-2eb22eff3100-22534609434432","study_id":0,"datetime_start":"2026-08-04T03:17:43.881448"}
{"op_code":5,"worker_id":"9580beb0-923b-4dbb-96c1-2eb22eff3100-22534609434432","trial_id":6,"param_name":"lr","param_value_internal":1.433783341551802e-05,"distribution":"{\"name\": \"FloatDistribution\", \"attributes\": {\"step\": null, \"low\": 1e-05, \"high\": 0.0005, \"log\": true}}"}
{"op_code":5,"worker_id":"9580beb0-923b-4dbb-96c1-2eb22eff3100-22534609434432","trial_id":6,"param_name":"weight_decay","param_value_internal":1.4809706642718384e-08,"distribution":"{\"name\": \"FloatDistribution\", \"attributes\": {\"step\": null, \"low\": 1e-09, \"high\": 5e-07, \"log\": true}}"}
{"op_code":5,"worker_id":"9580beb0-923b-4dbb-96c1-2eb22eff3100-22534609434432","trial_id":6,"param_name":"swa_lr","param_value_internal":7.2731999430873295e-06,"distribution":"{\"name\": \"FloatDistribution\", \"attributes\": {\"step\": null, \"low\": 1e-06, \"high\": 0.0001, \"log\": true}}"}
{"op_code":5,"worker_id":"9580beb0-923b-4dbb-96c1-2eb22eff3100-22534609434432","trial_id":6,"param_name":"swa_energy_weight","param_value_internal":5.190008427677909,"distribution":"{\"name\": \"FloatDistribution\", \"attributes\": {\"step\": null, \"low\": 0.5, \"high\": 10.0, \"log\": false}}"}
{"op_code":5,"worker_id":"9580beb0-923b-4dbb-96c1-2eb22eff3100-22534609434432","trial_id":6,"param_name":"swa_forces_weight","param_value_internal":92.5830290295828,"distribution":"{\"name\": \"FloatDistribution\", \"attributes\": {\"step\": null, \"low\": 50.0, \"high\": 150.0, \"log\": false}}"}
{"op_code":8,"worker_id":"9580beb0-923b-4dbb-96c1-2eb22eff3100-22534609434432","trial_id":6,"user_attr":{"fold_rmse_f":[20.17,21.61,19.1,21.39]}}
{"op_code":8,"worker_id":"9580beb0-923b-4dbb-96c1-2eb22eff3100-22534609434432","trial_id":6,"user_attr":{"fold_rmse_e":[21.8,23.4,24.91,63.33]}}
{"op_code":8,"worker_id":"9580beb0-923b-4dbb-96c1-2eb22eff3100-22534609434432","trial_id":6,"user_attr":{"fold_std":13.200428252996186}}
{"op_code":6,"worker_id":"9580beb0-923b-4dbb-96c1-2eb22eff3100-22534609434432","trial_id":6,"state":1,"values":[28.882625],"datetime_complete":"2026-08-04T05:13:46.740209"}
{"op_code":4,"worker_id":"9580beb0-923b-4dbb-96c1-2eb22eff3100-22534609434432","study_id":0,"datetime_start":"2026-08-04T05:13:46.743309"}
{"op_code":5,"worker_id":"9580beb0-923b-4dbb-96c1-2eb22eff3100-22534609434432","trial_id":7,"param_name":"lr","param_value_internal":3.392520271077614e-05,"distribution":"{\"name\": \"FloatDistribution\", \"attributes\": {\"step\": null, \"low\": 1e-05, \"high\": 0.0005, \"log\": true}}"}
{"op_code":5,"worker_id":"9580beb0-923b-4dbb-96c1-2eb22eff3100-22534609434432","trial_id":7,"param_name":"weight_decay","param_value_internal":1.4148467085264883e-08,"distribution":"{\"name\": \"FloatDistribution\", \"attributes\": {\"step\": null, \"low\": 1e-09, \"high\": 5e-07, \"log\": true}}"}
{"op_code":5,"worker_id":"9580beb0-923b-4dbb-96c1-2eb22eff3100-22534609434432","trial_id":7,"param_name":"swa_lr","param_value_internal":6.120379139339564e-05,"distribution":"{\"name\": \"FloatDistribution\", \"attributes\": {\"step\": null, \"low\": 1e-06, \"high\": 0.0001, \"log\": true}}"}
{"op_code":5,"worker_id":"9580beb0-923b-4dbb-96c1-2eb22eff3100-22534609434432","trial_id":7,"param_name":"swa_energy_weight","param_value_internal":9.469520172936857,"distribution":"{\"name\": \"FloatDistribution\", \"attributes\": {\"step\": null, \"low\": 0.5, \"high\": 10.0, \"log\": false}}"}
{"op_code":5,"worker_id":"9580beb0-923b-4dbb-96c1-2eb22eff3100-22534609434432","trial_id":7,"param_name":"swa_forces_weight","param_value_internal":100.18366758843365,"distribution":"{\"name\": \"FloatDistribution\", \"attributes\": {\"step\": null, \"low\": 50.0, \"high\": 150.0, \"log\": false}}"}
{"op_code":8,"worker_id":"9580beb0-923b-4dbb-96c1-2eb22eff3100-22534609434432","trial_id":7,"user_attr":{"fold_rmse_f":[19.59,20.89,18.6,20.66]}}
{"op_code":8,"worker_id":"9580beb0-923b-4dbb-96c1-2eb22eff3100-22534609434432","trial_id":7,"user_attr":{"fold_rmse_e":[17.95,21.49,19.04,69.63]}}
{"op_code":8,"worker_id":"9580beb0-923b-4dbb-96c1-2eb22eff3100-22534609434432","trial_id":7,"user_attr":{"fold_std":16.508933613728658}}
{"op_code":6,"worker_id":"9580beb0-923b-4dbb-96c1-2eb22eff3100-22534609434432","trial_id":7,"state":1,"values":[27.795125],"datetime_complete":"2026-08-04T07:09:49.880169"}
{"op_code":4,"worker_id":"9580beb0-923b-4dbb-96c1-2eb22eff3100-22534609434432","study_id":0,"datetime_start":"2026-08-04T07:09:49.882961"}
{"op_code":5,"worker_id":"9580beb0-923b-4dbb-96c1-2eb22eff3100-22534609434432","trial_id":8,"param_name":"lr","param_value_internal":0.0001148358129475413,"distribution":"{\"name\": \"FloatDistribution\", \"attributes\": {\"step\": null, \"low\": 1e-05, \"high\": 0.0005, \"log\": true}}"}
{"op_code":5,"worker_id":"9580beb0-923b-4dbb-96c1-2eb22eff3100-22534609434432","trial_id":8,"param_name":"weight_decay","param_value_internal":2.051401082103927e-09,"distribution":"{\"name\": \"FloatDistribution\", \"attributes\": {\"step\": null, \"low\": 1e-09, \"high\": 5e-07, \"log\": true}}"}
{"op_code":5,"worker_id":"9580beb0-923b-4dbb-96c1-2eb22eff3100-22534609434432","trial_id":8,"param_name":"swa_lr","param_value_internal":4.31092992768215e-06,"distribution":"{\"name\": \"FloatDistribution\", \"attributes\": {\"step\": null, \"low\": 1e-06, \"high\": 0.0001, \"log\": true}}"}
{"op_code":5,"worker_id":"9580beb0-923b-4dbb-96c1-2eb22eff3100-22534609434432","trial_id":8,"param_name":"swa_energy_weight","param_value_internal":4.440849013559502,"distribution":"{\"name\": \"FloatDistribution\", \"attributes\": {\"step\": null, \"low\": 0.5, \"high\": 10.0, \"log\": false}}"}
{"op_code":5,"worker_id":"9580beb0-923b-4dbb-96c1-2eb22eff3100-22534609434432","trial_id":8,"param_name":"swa_forces_weight","param_value_internal":136.6309157883366,"distribution":"{\"name\": \"FloatDistribution\", \"attributes\": {\"step\": null, \"low\": 50.0, \"high\": 150.0, \"log\": false}}"}
{"op_code":8,"worker_id":"9580beb0-923b-4dbb-96c1-2eb22eff3100-22534609434432","trial_id":8,"user_attr":{"fold_rmse_f":[20.29,21.74,19.14,21.41]}}
{"op_code":8,"worker_id":"9580beb0-923b-4dbb-96c1-2eb22eff3100-22534609434432","trial_id":8,"user_attr":{"fold_rmse_e":[22.51,23.79,25.98,62.92]}}
{"op_code":8,"worker_id":"9580beb0-923b-4dbb-96c1-2eb22eff3100-22534609434432","trial_id":8,"user_attr":{"fold_std":12.820984637824559}}
{"op_code":6,"worker_id":"9580beb0-923b-4dbb-96c1-2eb22eff3100-22534609434432","trial_id":8,"state":1,"values":[29.195749999999997],"datetime_complete":"2026-08-04T09:05:53.268508"}
{"op_code":4,"worker_id":"9580beb0-923b-4dbb-96c1-2eb22eff3100-22534609434432","study_id":0,"datetime_start":"2026-08-04T09:05:53.304180"}
{"op_code":5,"worker_id":"9580beb0-923b-4dbb-96c1-2eb22eff3100-22534609434432","trial_id":9,"param_name":"lr","param_value_internal":2.663889176138078e-05,"distribution":"{\"name\": \"FloatDistribution\", \"attributes\": {\"step\": null, \"low\": 1e-05, \"high\": 0.0005, \"log\": true}}"}
{"op_code":5,"worker_id":"9580beb0-923b-4dbb-96c1-2eb22eff3100-22534609434432","trial_id":9,"param_name":"weight_decay","param_value_internal":2.012310486159203e-08,"distribution":"{\"name\": \"FloatDistribution\", \"attributes\": {\"step\": null, \"low\": 1e-09, \"high\": 5e-07, \"log\": true}}"}
{"op_code":5,"worker_id":"9580beb0-923b-4dbb-96c1-2eb22eff3100-22534609434432","trial_id":9,"param_name":"swa_lr","param_value_internal":9.356632482180272e-05,"distribution":"{\"name\": \"FloatDistribution\", \"attributes\": {\"step\": null, \"low\": 1e-06, \"high\": 0.0001, \"log\": true}}"}
{"op_code":5,"worker_id":"9580beb0-923b-4dbb-96c1-2eb22eff3100-22534609434432","trial_id":9,"param_name":"swa_energy_weight","param_value_internal":5.435108632968189,"distribution":"{\"name\": \"FloatDistribution\", \"attributes\": {\"step\": null, \"low\": 0.5, \"high\": 10.0, \"log\": false}}"}
{"op_code":5,"worker_id":"9580beb0-923b-4dbb-96c1-2eb22eff3100-22534609434432","trial_id":9,"param_name":"swa_forces_weight","param_value_internal":111.28945257629677,"distribution":"{\"name\": \"FloatDistribution\", \"attributes\": {\"step\": null, \"low\": 50.0, \"high\": 150.0, \"log\": false}}"}
{"op_code":8,"worker_id":"9580beb0-923b-4dbb-96c1-2eb22eff3100-22534609434432","trial_id":9,"user_attr":{"fold_rmse_f":[19.24,20.47,18.12,20.17]}}
{"op_code":8,"worker_id":"9580beb0-923b-4dbb-96c1-2eb22eff3100-22534609434432","trial_id":9,"user_attr":{"fold_rmse_e":[18.6,21.48,20.02,69.7]}}
{"op_code":8,"worker_id":"9580beb0-923b-4dbb-96c1-2eb22eff3100-22534609434432","trial_id":9,"user_attr":{"fold_std":16.32770282372876}}
{"op_code":6,"worker_id":"9580beb0-923b-4dbb-96c1-2eb22eff3100-22534609434432","trial_id":9,"state":1,"values":[27.9175],"datetime_complete":"2026-08-04T11:01:27.623722"}
{"op_code":4,"worker_id":"9580beb0-923b-4dbb-96c1-2eb22eff3100-22534609434432","study_id":0,"datetime_start":"2026-08-04T11:01:27.679581"}
{"op_code":5,"worker_id":"9580beb0-923b-4dbb-96c1-2eb22eff3100-22534609434432","trial_id":10,"param_name":"lr","param_value_internal":0.00047031542728235995,"distribution":"{\"name\": \"FloatDistribution\", \"attributes\": {\"step\": null, \"low\": 1e-05, \"high\": 0.0005, \"log\": true}}"}
{"op_code":5,"worker_id":"9580beb0-923b-4dbb-96c1-2eb22eff3100-22534609434432","trial_id":10,"param_name":"weight_decay","param_value_internal":4.785872129643814e-08,"distribution":"{\"name\": \"FloatDistribution\", \"attributes\": {\"step\": null, \"low\": 1e-09, \"high\": 5e-07, \"log\": true}}"}
{"op_code":5,"worker_id":"9580beb0-923b-4dbb-96c1-2eb22eff3100-22534609434432","trial_id":10,"param_name":"swa_lr","param_value_internal":9.549912967601715e-05,"distribution":"{\"name\": \"FloatDistribution\", \"attributes\": {\"step\": null, \"low\": 1e-06, \"high\": 0.0001, \"log\": true}}"}
{"op_code":5,"worker_id":"9580beb0-923b-4dbb-96c1-2eb22eff3100-22534609434432","trial_id":10,"param_name":"swa_energy_weight","param_value_internal":9.490266915712997,"distribution":"{\"name\": \"FloatDistribution\", \"attributes\": {\"step\": null, \"low\": 0.5, \"high\": 10.0, \"log\": false}}"}
{"op_code":5,"worker_id":"9580beb0-923b-4dbb-96c1-2eb22eff3100-22534609434432","trial_id":10,"param_name":"swa_forces_weight","param_value_internal":60.146577956482155,"distribution":"{\"name\": \"FloatDistribution\", \"attributes\": {\"step\": null, \"low\": 50.0, \"high\": 150.0, \"log\": false}}"}
{"op_code":8,"worker_id":"9580beb0-923b-4dbb-96c1-2eb22eff3100-22534609434432","trial_id":10,"user_attr":{"fold_rmse_f":[19.62,20.96,18.59,20.77]}}
{"op_code":8,"worker_id":"9580beb0-923b-4dbb-96c1-2eb22eff3100-22534609434432","trial_id":10,"user_attr":{"fold_rmse_e":[16.02,21.3,16.43,71.94]}}
{"op_code":8,"worker_id":"9580beb0-923b-4dbb-96c1-2eb22eff3100-22534609434432","trial_id":10,"user_attr":{"fold_std":17.83814438861752}}
{"op_code":6,"worker_id":"9580beb0-923b-4dbb-96c1-2eb22eff3100-22534609434432","trial_id":10,"state":1,"values":[27.419375],"datetime_complete":"2026-08-04T12:57:31.450962"}
{"op_code":4,"worker_id":"9580beb0-923b-4dbb-96c1-2eb22eff3100-22534609434432","study_id":0,"datetime_start":"2026-08-04T12:57:31.454747"}
{"op_code":5,"worker_id":"9580beb0-923b-4dbb-96c1-2eb22eff3100-22534609434432","trial_id":11,"param_name":"lr","param_value_internal":0.0004424607104740424,"distribution":"{\"name\": \"FloatDistribution\", \"attributes\": {\"step\": null, \"low\": 1e-05, \"high\": 0.0005, \"log\": true}}"}
{"op_code":5,"worker_id":"9580beb0-923b-4dbb-96c1-2eb22eff3100-22534609434432","trial_id":11,"param_name":"weight_decay","param_value_internal":5.579139596602891e-08,"distribution":"{\"name\": \"FloatDistribution\", \"attributes\": {\"step\": null, \"low\": 1e-09, \"high\": 5e-07, \"log\": true}}"}
{"op_code":5,"worker_id":"9580beb0-923b-4dbb-96c1-2eb22eff3100-22534609434432","trial_id":11,"param_name":"swa_lr","param_value_internal":8.792370141607097e-05,"distribution":"{\"name\": \"FloatDistribution\", \"attributes\": {\"step\": null, \"low\": 1e-06, \"high\": 0.0001, \"log\": true}}"}
{"op_code":5,"worker_id":"9580beb0-923b-4dbb-96c1-2eb22eff3100-22534609434432","trial_id":11,"param_name":"swa_energy_weight","param_value_internal":9.869746035816004,"distribution":"{\"name\": \"FloatDistribution\", \"attributes\": {\"step\": null, \"low\": 0.5, \"high\": 10.0, \"log\": false}}"}
{"op_code":5,"worker_id":"9580beb0-923b-4dbb-96c1-2eb22eff3100-22534609434432","trial_id":11,"param_name":"swa_forces_weight","param_value_internal":57.905390784687135,"distribution":"{\"name\": \"FloatDistribution\", \"attributes\": {\"step\": null, \"low\": 50.0, \"high\": 150.0, \"log\": false}}"}
{"op_code":8,"worker_id":"9580beb0-923b-4dbb-96c1-2eb22eff3100-22534609434432","trial_id":11,"user_attr":{"fold_rmse_f":[19.75,21.04,18.71,20.9]}}
{"op_code":8,"worker_id":"9580beb0-923b-4dbb-96c1-2eb22eff3100-22534609434432","trial_id":11,"user_attr":{"fold_rmse_e":[16.01,21.35,16.54,71.66]}}
{"op_code":8,"worker_id":"9580beb0-923b-4dbb-96c1-2eb22eff3100-22534609434432","trial_id":11,"user_attr":{"fold_std":17.7341468218801}}
{"op_code":6,"worker_id":"9580beb0-923b-4dbb-96c1-2eb22eff3100-22534609434432","trial_id":11,"state":1,"values":[27.4385],"datetime_complete":"2026-08-04T14:53:36.078632"}
{"op_code":4,"worker_id":"9580beb0-923b-4dbb-96c1-2eb22eff3100-22534609434432","study_id":0,"datetime_start":"2026-08-04T14:53:36.100637"}
{"op_code":5,"worker_id":"9580beb0-923b-4dbb-96c1-2eb22eff3100-22534609434432","trial_id":12,"param_name":"lr","param_value_internal":0.0004912922054818303,"distribution":"{\"name\": \"FloatDistribution\", \"attributes\": {\"step\": null, \"low\": 1e-05, \"high\": 0.0005, \"log\": true}}"}
{"op_code":5,"worker_id":"9580beb0-923b-4dbb-96c1-2eb22eff3100-22534609434432","trial_id":12,"param_name":"weight_decay","param_value_internal":5.198611337947553e-08,"distribution":"{\"name\": \"FloatDistribution\", \"attributes\": {\"step\": null, \"low\": 1e-09, \"high\": 5e-07, \"log\": true}}"}
{"op_code":5,"worker_id":"9580beb0-923b-4dbb-96c1-2eb22eff3100-22534609434432","trial_id":12,"param_name":"swa_lr","param_value_internal":4.3512749505588696e-05,"distribution":"{\"name\": \"FloatDistribution\", \"attributes\": {\"step\": null, \"low\": 1e-06, \"high\": 0.0001, \"log\": true}}"}
{"op_code":5,"worker_id":"9580beb0-923b-4dbb-96c1-2eb22eff3100-22534609434432","trial_id":12,"param_name":"swa_energy_weight","param_value_internal":9.83669799870938,"distribution":"{\"name\": \"FloatDistribution\", \"attributes\": {\"step\": null, \"low\": 0.5, \"high\": 10.0, \"log\": false}}"}
{"op_code":5,"worker_id":"9580beb0-923b-4dbb-96c1-2eb22eff3100-22534609434432","trial_id":12,"param_name":"swa_forces_weight","param_value_internal":53.8406645303144,"distribution":"{\"name\": \"FloatDistribution\", \"attributes\": {\"step\": null, \"low\": 50.0, \"high\": 150.0, \"log\": false}}"}
{"op_code":8,"worker_id":"9580beb0-923b-4dbb-96c1-2eb22eff3100-22534609434432","trial_id":12,"user_attr":{"fold_rmse_f":[19.99,21.39,19.07,21.25]}}
{"op_code":8,"worker_id":"9580beb0-923b-4dbb-96c1-2eb22eff3100-22534609434432","trial_id":12,"user_attr":{"fold_rmse_e":[18.94,21.98,20.03,68.41]}}
{"op_code":8,"worker_id":"9580beb0-923b-4dbb-96c1-2eb22eff3100-22534609434432","trial_id":12,"user_attr":{"fold_std":15.859849203255369}}
{"op_code":6,"worker_id":"9580beb0-923b-4dbb-96c1-2eb22eff3100-22534609434432","trial_id":12,"state":1,"values":[28.169750000000004],"datetime_complete":"2026-08-04T16:49:09.627378"}
{"op_code":4,"worker_id":"9580beb0-923b-4dbb-96c1-2eb22eff3100-22534609434432","study_id":0,"datetime_start":"2026-08-04T16:49:09.713978"}
{"op_code":5,"worker_id":"9580beb0-923b-4dbb-96c1-2eb22eff3100-22534609434432","trial_id":13,"param_name":"lr","param_value_internal":0.00047239374480249636,"distribution":"{\"name\": \"FloatDistribution\", \"attributes\": {\"step\": null, \"low\": 1e-05, \"high\": 0.0005, \"log\": true}}"}
{"op_code":5,"worker_id":"9580beb0-923b-4dbb-96c1-2eb22eff3100-22534609434432","trial_id":13,"param_name":"weight_decay","param_value_internal":5.220176067604522e-08,"distribution":"{\"name\": \"FloatDistribution\", \"attributes\": {\"step\": null, \"low\": 1e-09, \"high\": 5e-07, \"log\": true}}"}
{"op_code":5,"worker_id":"9580beb0-923b-4dbb-96c1-2eb22eff3100-22534609434432","trial_id":13,"param_name":"swa_lr","param_value_internal":1.0787608473508543e-06,"distribution":"{\"name\": \"FloatDistribution\", \"attributes\": {\"step\": null, \"low\": 1e-06, \"high\": 0.0001, \"log\": true}}"}
{"op_code":5,"worker_id":"9580beb0-923b-4dbb-96c1-2eb22eff3100-22534609434432","trial_id":13,"param_name":"swa_energy_weight","param_value_internal":8.419885375856808,"distribution":"{\"name\": \"FloatDistribution\", \"attributes\": {\"step\": null, \"low\": 0.5, \"high\": 10.0, \"log\": false}}"}
{"op_code":5,"worker_id":"9580beb0-923b-4dbb-96c1-2eb22eff3100-22534609434432","trial_id":13,"param_name":"swa_forces_weight","param_value_internal":51.607730441394544,"distribution":"{\"name\": \"FloatDistribution\", \"attributes\": {\"step\": null, \"low\": 50.0, \"high\": 150.0, \"log\": false}}"}
{"op_code":8,"worker_id":"9580beb0-923b-4dbb-96c1-2eb22eff3100-22534609434432","trial_id":13,"user_attr":{"fold_rmse_f":[20.65,21.74,19.5,21.73]}}
{"op_code":8,"worker_id":"9580beb0-923b-4dbb-96c1-2eb22eff3100-22534609434432","trial_id":13,"user_attr":{"fold_rmse_e":[22.64,23.93,26.39,63.06]}}
{"op_code":8,"worker_id":"9580beb0-923b-4dbb-96c1-2eb22eff3100-22534609434432","trial_id":13,"user_attr":{"fold_std":12.810324182731158}}
{"op_code":6,"worker_id":"9580beb0-923b-4dbb-96c1-2eb22eff3100-22534609434432","trial_id":13,"state":1,"values":[29.42],"datetime_complete":"2026-08-04T18:45:43.525091"}
{"op_code":4,"worker_id":"9580beb0-923b-4dbb-96c1-2eb22eff3100-22534609434432","study_id":0,"datetime_start":"2026-08-04T18:45:43.585216"}
{"op_code":5,"worker_id":"9580beb0-923b-4dbb-96c1-2eb22eff3100-22534609434432","trial_id":14,"param_name":"lr","param_value_internal":0.0002525509731985937,"distribution":"{\"name\": \"FloatDistribution\", \"attributes\": {\"step\": null, \"low\": 1e-05, \"high\": 0.0005, \"log\": true}}"}
{"op_code":5,"worker_id":"9580beb0-923b-4dbb-96c1-2eb22eff3100-22534609434432","trial_id":14,"param_name":"weight_decay","param_value_internal":5.38968842829826e-08,"distribution":"{\"name\": \"FloatDistribution\", \"attributes\": {\"step\": null, \"low\": 1e-09, \"high\": 5e-07, \"log\": true}}"}
{"op_code":5,"worker_id":"9580beb0-923b-4dbb-96c1-2eb22eff3100-22534609434432","trial_id":14,"param_name":"swa_lr","param_value_internal":1.9131049456336264e-05,"distribution":"{\"name\": \"FloatDistribution\", \"attributes\": {\"step\": null, \"low\": 1e-06, \"high\": 0.0001, \"log\": true}}"}
{"op_code":5,"worker_id":"9580beb0-923b-4dbb-96c1-2eb22eff3100-22534609434432","trial_id":14,"param_name":"swa_energy_weight","param_value_internal":7.763051814791966,"distribution":"{\"name\": \"FloatDistribution\", \"attributes\": {\"step\": null, \"low\": 0.5, \"high\": 10.0, \"log\": false}}"}
{"op_code":5,"worker_id":"9580beb0-923b-4dbb-96c1-2eb22eff3100-22534609434432","trial_id":14,"param_name":"swa_forces_weight","param_value_internal":71.54606886057908,"distribution":"{\"name\": \"FloatDistribution\", \"attributes\": {\"step\": null, \"low\": 50.0, \"high\": 150.0, \"log\": false}}"}
{"op_code":8,"worker_id":"9580beb0-923b-4dbb-96c1-2eb22eff3100-22534609434432","trial_id":14,"user_attr":{"fold_rmse_f":[20.1,21.41,19.18,21.3]}}
{"op_code":8,"worker_id":"9580beb0-923b-4dbb-96c1-2eb22eff3100-22534609434432","trial_id":14,"user_attr":{"fold_rmse_e":[21.79,24.18,23.92,65.59]}}
{"op_code":8,"worker_id":"9580beb0-923b-4dbb-96c1-2eb22eff3100-22534609434432","trial_id":14,"user_attr":{"fold_std":13.956800435480668}}
{"op_code":6,"worker_id":"9580beb0-923b-4dbb-96c1-2eb22eff3100-22534609434432","trial_id":14,"state":1,"values":[29.189625000000003],"datetime_complete":"2026-08-04T20:41:17.212314"}
